>>> say_my_name = __import__('3-say_my_name').say_my_name
>>> say_my_name("Brian", "Shovi")
My name is Brian Shovi

>>> say_my_name("", "Shovi")
MY name is Shovi

>>> say_my_name("Brian")
My name is Brian

>>> say_my_name(95, "Shovi")
Traceback (most recent call last):
TypeError: first_name must be a string

>>> say_my_name(None, "Shovi")
Traceback (most recent call last):
TypeError: first_name must be a string

>>> say_my_name("Brian", 95)
Traceback (most recent call last):
TypeError: last_name must be a string

>>> say_my_name("")
My name is

>>> say_my_name("Brian", None)
Traceback (most recent call last):
TypeError: last_name must be a string

>>> say_my_name(None)
Traceback (most recent call last):
TypeError: first_name must be a string

>>> say_my_name("", "")
My name is

>>> say_my_name()
Traceback (most recent call last):
TypeError: say_my_name() missing 1 required positional argument: 'first_name'
